#-----------------------------------------------------------
# Vivado v2018.3 (64-bit)
# SW Build 2405991 on Thu Dec  6 23:38:27 MST 2018
# IP Build 2404404 on Fri Dec  7 01:43:56 MST 2018
# Start of session at: Mon Mar 13 13:12:19 2023
# Process ID: 24624
# Current directory: F:/serial_adder
# Command line: vivado.exe -gui_launcher_event rodinguilauncherevent9092 F:\serial_adder\serial_adder.xpr
# Log file: F:/serial_adder/vivado.log
# Journal file: F:/serial_adder\vivado.jou
#-----------------------------------------------------------
start_gui
open_project F:/serial_adder/serial_adder.xpr
update_compile_order -fileset sources_1
close [ open F:/serial_adder/serial_adder.srcs/constrs_1/new/addon.xdc w ]
add_files -fileset constrs_1 F:/serial_adder/serial_adder.srcs/constrs_1/new/addon.xdc
reset_run synth_1
launch_runs impl_1 -to_step write_bitstream -jobs 8
wait_on_run impl_1
open_hw
connect_hw_server
open_hw_target
set_property PROGRAM.FILE {F:/serial_adder/serial_adder.runs/impl_1/serial_adde.bit} [get_hw_devices xc7z020_1]
current_hw_device [get_hw_devices xc7z020_1]
refresh_hw_device -update_hw_probes false [lindex [get_hw_devices xc7z020_1] 0]
set_property PROBES.FILE {} [get_hw_devices xc7z020_1]
set_property FULL_PROBES.FILE {} [get_hw_devices xc7z020_1]
set_property PROGRAM.FILE {F:/serial_adder/serial_adder.runs/impl_1/serial_adde.bit} [get_hw_devices xc7z020_1]
program_hw_devices [get_hw_devices xc7z020_1]
refresh_hw_device [lindex [get_hw_devices xc7z020_1] 0]
